<?xml version="1.0" encoding="UTF-8"?>
<TestRun id="b20397da-ac96-42e7-a5dc-d29ffc81fd9e" name="Sean@SEANFAOLP1 2009-11-30 21:30:01" runUser="seanfaolp1\Sean" xmlns="http://microsoft.com/schemas/VisualStudio/TeamTest/2010">
  <TestSettings name="Local" id="c523c918-6d7f-4253-bc64-aa12d4934e23">
    <Description>These are default test settings for a local test run.</Description>
    <Deployment enabled="false" runDeploymentRoot="Sean_SEANFAOLP1 2009-11-30 21_30_01">
      <DeploymentItem filename="C:\Language\Web\FrogBlogger\FrogBlogger.Dal\bin\Debug\FrogBlogger.Dal.dll" />
      <DeploymentItem filename="C:\Language\Web\FrogBlogger\FrogBlogger.Web\bin\FrogBlogger.Web.dll" />
    </Deployment>
    <Execution>
      <TestTypeSpecific />
      <AgentRule name="Execution Agents">
      </AgentRule>
    </Execution>
  </TestSettings>
  <Times creation="2009-11-30T21:30:01.1998539-05:00" queuing="2009-11-30T21:30:01.5798757-05:00" start="2009-11-30T21:30:01.6808814-05:00" finish="2009-11-30T21:30:06.2601434-05:00" />
  <ResultSummary outcome="Failed">
    <Counters total="29" executed="29" passed="27" error="0" failed="2" timeout="0" aborted="0" inconclusive="0" passedButRunAborted="0" notRunnable="0" notExecuted="0" disconnected="0" warning="0" completed="0" inProgress="0" pending="0" />
  </ResultSummary>
  <TestDefinitions>
    <UnitTest name="TestFetch" storage="c:\language\web\frogblogger\frogblogger.tests\bin\debug\frogblogger.tests.dll" id="4025fa16-788b-c18e-82b3-92ee7e85423b">
      <Execution id="3c9459f8-1296-4aab-8df2-827a1beb0f1d" />
      <TestMethod codeBase="C:/Language/Web/FrogBlogger/FrogBlogger.Tests/bin/Debug/FrogBlogger.Tests.DLL" adapterTypeName="Microsoft.VisualStudio.TestTools.TestTypes.Unit.UnitTestAdapter, Microsoft.VisualStudio.QualityTools.Tips.UnitTest.Adapter, Version=10.0.0.0, Culture=neutral, PublicKeyToken=b03f5f7f11d50a3a" className="FrogBlogger.Tests.RepositoryTest, FrogBlogger.Tests, Version=1.0.0.0, Culture=neutral, PublicKeyToken=null" name="TestFetch" />
    </UnitTest>
    <UnitTest name="RegisterPostReturnsViewIfEmailNotSpecified" storage="c:\language\web\frogblogger\frogblogger.web.tests\bin\debug\frogblogger.web.tests.dll" id="f10b962a-d76e-7420-e5b1-e4f36ed1c63c">
      <Execution id="fa1762aa-97b2-4a77-a780-d00b436e02f0" />
      <TestMethod codeBase="C:/Language/Web/FrogBlogger/FrogBlogger.Web.Tests/bin/Debug/FrogBlogger.Web.Tests.DLL" adapterTypeName="Microsoft.VisualStudio.TestTools.TestTypes.Unit.UnitTestAdapter, Microsoft.VisualStudio.QualityTools.Tips.UnitTest.Adapter, Version=10.0.0.0, Culture=neutral, PublicKeyToken=b03f5f7f11d50a3a" className="FrogBlogger.Web.Tests.Controllers.AccountControllerTest, FrogBlogger.Web.Tests, Version=1.0.0.0, Culture=neutral, PublicKeyToken=null" name="RegisterPostReturnsViewIfEmailNotSpecified" />
    </UnitTest>
    <UnitTest name="ChangePasswordSuccess" storage="c:\language\web\frogblogger\frogblogger.web.tests\bin\debug\frogblogger.web.tests.dll" id="3ae650f2-bbc4-86bc-5901-267f16488835">
      <Execution id="45f988d0-82cf-486f-84e1-8bc4fbdf525c" />
      <TestMethod codeBase="C:/Language/Web/FrogBlogger/FrogBlogger.Web.Tests/bin/Debug/FrogBlogger.Web.Tests.DLL" adapterTypeName="Microsoft.VisualStudio.TestTools.TestTypes.Unit.UnitTestAdapter, Microsoft.VisualStudio.QualityTools.Tips.UnitTest.Adapter, Version=10.0.0.0, Culture=neutral, PublicKeyToken=b03f5f7f11d50a3a" className="FrogBlogger.Web.Tests.Controllers.AccountControllerTest, FrogBlogger.Web.Tests, Version=1.0.0.0, Culture=neutral, PublicKeyToken=null" name="ChangePasswordSuccess" />
    </UnitTest>
    <UnitTest name="LoginPostRedirectsToReturnUrlIfLoginSuccessfulAndReturnUrlGiven" storage="c:\language\web\frogblogger\frogblogger.web.tests\bin\debug\frogblogger.web.tests.dll" id="530774fd-246e-f5a1-7006-11644a65f9da">
      <Execution id="dd1b726f-3128-4788-bae9-9e9f4f2570f6" />
      <TestMethod codeBase="C:/Language/Web/FrogBlogger/FrogBlogger.Web.Tests/bin/Debug/FrogBlogger.Web.Tests.DLL" adapterTypeName="Microsoft.VisualStudio.TestTools.TestTypes.Unit.UnitTestAdapter, Microsoft.VisualStudio.QualityTools.Tips.UnitTest.Adapter, Version=10.0.0.0, Culture=neutral, PublicKeyToken=b03f5f7f11d50a3a" className="FrogBlogger.Web.Tests.Controllers.AccountControllerTest, FrogBlogger.Web.Tests, Version=1.0.0.0, Culture=neutral, PublicKeyToken=null" name="LoginPostRedirectsToReturnUrlIfLoginSuccessfulAndReturnUrlGiven" />
    </UnitTest>
    <UnitTest name="CreateTest" storage="c:\language\web\frogblogger\frogblogger.tests\bin\debug\frogblogger.tests.dll" id="6daa841a-f45a-d29e-30d4-032ec089cfda">
      <Execution id="400bc5a4-fe2c-4c92-8b45-cfef12602f18" />
      <TestMethod codeBase="C:/Language/Web/FrogBlogger/FrogBlogger.Tests/bin/Debug/FrogBlogger.Tests.DLL" adapterTypeName="Microsoft.VisualStudio.TestTools.TestTypes.Unit.UnitTestAdapter, Microsoft.VisualStudio.QualityTools.Tips.UnitTest.Adapter, Version=10.0.0.0, Culture=neutral, PublicKeyToken=b03f5f7f11d50a3a" className="FrogBlogger.Tests.RepositoryTest, FrogBlogger.Tests, Version=1.0.0.0, Culture=neutral, PublicKeyToken=null" name="CreateTest" />
    </UnitTest>
    <UnitTest name="RegisterPostReturnsViewIfPasswordIsNull" storage="c:\language\web\frogblogger\frogblogger.web.tests\bin\debug\frogblogger.web.tests.dll" id="a327f85f-9010-010b-714e-1c85859c8d10">
      <Execution id="601198ee-bf75-408c-8442-d4641b348a41" />
      <TestMethod codeBase="C:/Language/Web/FrogBlogger/FrogBlogger.Web.Tests/bin/Debug/FrogBlogger.Web.Tests.DLL" adapterTypeName="Microsoft.VisualStudio.TestTools.TestTypes.Unit.UnitTestAdapter, Microsoft.VisualStudio.QualityTools.Tips.UnitTest.Adapter, Version=10.0.0.0, Culture=neutral, PublicKeyToken=b03f5f7f11d50a3a" className="FrogBlogger.Web.Tests.Controllers.AccountControllerTest, FrogBlogger.Web.Tests, Version=1.0.0.0, Culture=neutral, PublicKeyToken=null" name="RegisterPostReturnsViewIfPasswordIsNull" />
    </UnitTest>
    <UnitTest name="ChangePasswordPostReturnsViewIfNewPasswordIsTooShort" storage="c:\language\web\frogblogger\frogblogger.web.tests\bin\debug\frogblogger.web.tests.dll" id="07781006-b0a9-3a6f-8504-9525f876084b">
      <Execution id="93d3c524-857a-48f7-9641-c3acff8d4776" />
      <TestMethod codeBase="C:/Language/Web/FrogBlogger/FrogBlogger.Web.Tests/bin/Debug/FrogBlogger.Web.Tests.DLL" adapterTypeName="Microsoft.VisualStudio.TestTools.TestTypes.Unit.UnitTestAdapter, Microsoft.VisualStudio.QualityTools.Tips.UnitTest.Adapter, Version=10.0.0.0, Culture=neutral, PublicKeyToken=b03f5f7f11d50a3a" className="FrogBlogger.Web.Tests.Controllers.AccountControllerTest, FrogBlogger.Web.Tests, Version=1.0.0.0, Culture=neutral, PublicKeyToken=null" name="ChangePasswordPostReturnsViewIfNewPasswordIsTooShort" />
    </UnitTest>
    <UnitTest name="ChangePasswordPostReturnsViewIfProviderRejectsPassword" storage="c:\language\web\frogblogger\frogblogger.web.tests\bin\debug\frogblogger.web.tests.dll" id="addf1109-fdcc-a26a-a59f-20d484056000">
      <Execution id="c3b3ee42-92a6-4d3b-8899-e9195027bdae" />
      <TestMethod codeBase="C:/Language/Web/FrogBlogger/FrogBlogger.Web.Tests/bin/Debug/FrogBlogger.Web.Tests.DLL" adapterTypeName="Microsoft.VisualStudio.TestTools.TestTypes.Unit.UnitTestAdapter, Microsoft.VisualStudio.QualityTools.Tips.UnitTest.Adapter, Version=10.0.0.0, Culture=neutral, PublicKeyToken=b03f5f7f11d50a3a" className="FrogBlogger.Web.Tests.Controllers.AccountControllerTest, FrogBlogger.Web.Tests, Version=1.0.0.0, Culture=neutral, PublicKeyToken=null" name="ChangePasswordPostReturnsViewIfProviderRejectsPassword" />
    </UnitTest>
    <UnitTest name="ChangePasswordPostRedirectsOnSuccess" storage="c:\language\web\frogblogger\frogblogger.web.tests\bin\debug\frogblogger.web.tests.dll" id="3bd3cbb1-af11-f4d7-55c2-f9720d71df29">
      <Execution id="f7f567b7-738f-4d41-8fc5-d1c8837a08bc" />
      <TestMethod codeBase="C:/Language/Web/FrogBlogger/FrogBlogger.Web.Tests/bin/Debug/FrogBlogger.Web.Tests.DLL" adapterTypeName="Microsoft.VisualStudio.TestTools.TestTypes.Unit.UnitTestAdapter, Microsoft.VisualStudio.QualityTools.Tips.UnitTest.Adapter, Version=10.0.0.0, Culture=neutral, PublicKeyToken=b03f5f7f11d50a3a" className="FrogBlogger.Web.Tests.Controllers.AccountControllerTest, FrogBlogger.Web.Tests, Version=1.0.0.0, Culture=neutral, PublicKeyToken=null" name="ChangePasswordPostRedirectsOnSuccess" />
    </UnitTest>
    <UnitTest name="LoginPostReturnsViewIfUsernameNotSpecified" storage="c:\language\web\frogblogger\frogblogger.web.tests\bin\debug\frogblogger.web.tests.dll" id="64dc0e59-0a24-fcc8-8a3e-0e3dc0901dc5">
      <Execution id="3b98f767-b668-4725-b43f-af6d622da60e" />
      <TestMethod codeBase="C:/Language/Web/FrogBlogger/FrogBlogger.Web.Tests/bin/Debug/FrogBlogger.Web.Tests.DLL" adapterTypeName="Microsoft.VisualStudio.TestTools.TestTypes.Unit.UnitTestAdapter, Microsoft.VisualStudio.QualityTools.Tips.UnitTest.Adapter, Version=10.0.0.0, Culture=neutral, PublicKeyToken=b03f5f7f11d50a3a" className="FrogBlogger.Web.Tests.Controllers.AccountControllerTest, FrogBlogger.Web.Tests, Version=1.0.0.0, Culture=neutral, PublicKeyToken=null" name="LoginPostReturnsViewIfUsernameNotSpecified" />
    </UnitTest>
    <UnitTest name="LoginPostReturnsViewIfUsernameOrPasswordIsIncorrect" storage="c:\language\web\frogblogger\frogblogger.web.tests\bin\debug\frogblogger.web.tests.dll" id="2126fbff-b698-e4e5-da95-000f5a6c3b0a">
      <Execution id="e92fe6a6-f10f-4a9e-b732-4f4a8755952c" />
      <TestMethod codeBase="C:/Language/Web/FrogBlogger/FrogBlogger.Web.Tests/bin/Debug/FrogBlogger.Web.Tests.DLL" adapterTypeName="Microsoft.VisualStudio.TestTools.TestTypes.Unit.UnitTestAdapter, Microsoft.VisualStudio.QualityTools.Tips.UnitTest.Adapter, Version=10.0.0.0, Culture=neutral, PublicKeyToken=b03f5f7f11d50a3a" className="FrogBlogger.Web.Tests.Controllers.AccountControllerTest, FrogBlogger.Web.Tests, Version=1.0.0.0, Culture=neutral, PublicKeyToken=null" name="LoginPostReturnsViewIfUsernameOrPasswordIsIncorrect" />
    </UnitTest>
    <UnitTest name="LoginPostRedirectsHomeIfLoginSuccessfulButNoReturnUrlGiven" storage="c:\language\web\frogblogger\frogblogger.web.tests\bin\debug\frogblogger.web.tests.dll" id="66a93b30-13be-a5ce-1b16-a32f34b2e3a0">
      <Execution id="d6e54ef1-a9ce-467b-ad55-a7a37bd46021" />
      <TestMethod codeBase="C:/Language/Web/FrogBlogger/FrogBlogger.Web.Tests/bin/Debug/FrogBlogger.Web.Tests.DLL" adapterTypeName="Microsoft.VisualStudio.TestTools.TestTypes.Unit.UnitTestAdapter, Microsoft.VisualStudio.QualityTools.Tips.UnitTest.Adapter, Version=10.0.0.0, Culture=neutral, PublicKeyToken=b03f5f7f11d50a3a" className="FrogBlogger.Web.Tests.Controllers.AccountControllerTest, FrogBlogger.Web.Tests, Version=1.0.0.0, Culture=neutral, PublicKeyToken=null" name="LoginPostRedirectsHomeIfLoginSuccessfulButNoReturnUrlGiven" />
    </UnitTest>
    <UnitTest name="LoginPostReturnsViewIfPasswordNotSpecified" storage="c:\language\web\frogblogger\frogblogger.web.tests\bin\debug\frogblogger.web.tests.dll" id="64da27e1-c4a9-ac41-325d-3e8e47a9505d">
      <Execution id="99ffcc14-3232-490d-8001-1036410c977d" />
      <TestMethod codeBase="C:/Language/Web/FrogBlogger/FrogBlogger.Web.Tests/bin/Debug/FrogBlogger.Web.Tests.DLL" adapterTypeName="Microsoft.VisualStudio.TestTools.TestTypes.Unit.UnitTestAdapter, Microsoft.VisualStudio.QualityTools.Tips.UnitTest.Adapter, Version=10.0.0.0, Culture=neutral, PublicKeyToken=b03f5f7f11d50a3a" className="FrogBlogger.Web.Tests.Controllers.AccountControllerTest, FrogBlogger.Web.Tests, Version=1.0.0.0, Culture=neutral, PublicKeyToken=null" name="LoginPostReturnsViewIfPasswordNotSpecified" />
    </UnitTest>
    <UnitTest name="ChangePasswordPostReturnsViewIfNewPasswordDoesNotMatchConfirmPassword" storage="c:\language\web\frogblogger\frogblogger.web.tests\bin\debug\frogblogger.web.tests.dll" id="f8981536-bb73-b477-5f09-8a468de4b0d6">
      <Execution id="ba4c06f9-9935-41f6-a85c-a9c817dab62e" />
      <TestMethod codeBase="C:/Language/Web/FrogBlogger/FrogBlogger.Web.Tests/bin/Debug/FrogBlogger.Web.Tests.DLL" adapterTypeName="Microsoft.VisualStudio.TestTools.TestTypes.Unit.UnitTestAdapter, Microsoft.VisualStudio.QualityTools.Tips.UnitTest.Adapter, Version=10.0.0.0, Culture=neutral, PublicKeyToken=b03f5f7f11d50a3a" className="FrogBlogger.Web.Tests.Controllers.AccountControllerTest, FrogBlogger.Web.Tests, Version=1.0.0.0, Culture=neutral, PublicKeyToken=null" name="ChangePasswordPostReturnsViewIfNewPasswordDoesNotMatchConfirmPassword" />
    </UnitTest>
    <UnitTest name="About" storage="c:\language\web\frogblogger\frogblogger.web.tests\bin\debug\frogblogger.web.tests.dll" id="60607752-d99d-49f1-cd7c-f40eaf612519">
      <Execution id="d13845ee-4df6-4606-9da5-c8383f1f2571" />
      <TestMethod codeBase="C:/Language/Web/FrogBlogger/FrogBlogger.Web.Tests/bin/Debug/FrogBlogger.Web.Tests.DLL" adapterTypeName="Microsoft.VisualStudio.TestTools.TestTypes.Unit.UnitTestAdapter, Microsoft.VisualStudio.QualityTools.Tips.UnitTest.Adapter, Version=10.0.0.0, Culture=neutral, PublicKeyToken=b03f5f7f11d50a3a" className="FrogBlogger.Web.Tests.Controllers.HomeControllerTest, FrogBlogger.Web.Tests, Version=1.0.0.0, Culture=neutral, PublicKeyToken=null" name="About" />
    </UnitTest>
    <UnitTest name="RegisterGet" storage="c:\language\web\frogblogger\frogblogger.web.tests\bin\debug\frogblogger.web.tests.dll" id="8705de75-aa27-3c0b-e7d7-7a031141d2af">
      <Execution id="f14c7689-74d8-42a9-84b0-124d0572e56e" />
      <TestMethod codeBase="C:/Language/Web/FrogBlogger/FrogBlogger.Web.Tests/bin/Debug/FrogBlogger.Web.Tests.DLL" adapterTypeName="Microsoft.VisualStudio.TestTools.TestTypes.Unit.UnitTestAdapter, Microsoft.VisualStudio.QualityTools.Tips.UnitTest.Adapter, Version=10.0.0.0, Culture=neutral, PublicKeyToken=b03f5f7f11d50a3a" className="FrogBlogger.Web.Tests.Controllers.AccountControllerTest, FrogBlogger.Web.Tests, Version=1.0.0.0, Culture=neutral, PublicKeyToken=null" name="RegisterGet" />
    </UnitTest>
    <UnitTest name="RegisterPostReturnsViewIfRegistrationFails" storage="c:\language\web\frogblogger\frogblogger.web.tests\bin\debug\frogblogger.web.tests.dll" id="27b0a65f-9909-5003-537e-59445e3de9ce">
      <Execution id="b772d9ba-e382-45ac-b23a-9860b799df06" />
      <TestMethod codeBase="C:/Language/Web/FrogBlogger/FrogBlogger.Web.Tests/bin/Debug/FrogBlogger.Web.Tests.DLL" adapterTypeName="Microsoft.VisualStudio.TestTools.TestTypes.Unit.UnitTestAdapter, Microsoft.VisualStudio.QualityTools.Tips.UnitTest.Adapter, Version=10.0.0.0, Culture=neutral, PublicKeyToken=b03f5f7f11d50a3a" className="FrogBlogger.Web.Tests.Controllers.AccountControllerTest, FrogBlogger.Web.Tests, Version=1.0.0.0, Culture=neutral, PublicKeyToken=null" name="RegisterPostReturnsViewIfRegistrationFails" />
    </UnitTest>
    <UnitTest name="LogOff" storage="c:\language\web\frogblogger\frogblogger.web.tests\bin\debug\frogblogger.web.tests.dll" id="378cf42e-2a25-8603-4868-3fb087928de3">
      <Execution id="bfe5a86f-f9af-4295-a4a1-0a69f65b716f" />
      <TestMethod codeBase="C:/Language/Web/FrogBlogger/FrogBlogger.Web.Tests/bin/Debug/FrogBlogger.Web.Tests.DLL" adapterTypeName="Microsoft.VisualStudio.TestTools.TestTypes.Unit.UnitTestAdapter, Microsoft.VisualStudio.QualityTools.Tips.UnitTest.Adapter, Version=10.0.0.0, Culture=neutral, PublicKeyToken=b03f5f7f11d50a3a" className="FrogBlogger.Web.Tests.Controllers.AccountControllerTest, FrogBlogger.Web.Tests, Version=1.0.0.0, Culture=neutral, PublicKeyToken=null" name="LogOff" />
    </UnitTest>
    <UnitTest name="ChangePasswordGetReturnsView" storage="c:\language\web\frogblogger\frogblogger.web.tests\bin\debug\frogblogger.web.tests.dll" id="d157f167-62aa-b633-df12-b2be68680b24">
      <Execution id="1d04ab2c-d577-4be2-a131-6888b2e226aa" />
      <TestMethod codeBase="C:/Language/Web/FrogBlogger/FrogBlogger.Web.Tests/bin/Debug/FrogBlogger.Web.Tests.DLL" adapterTypeName="Microsoft.VisualStudio.TestTools.TestTypes.Unit.UnitTestAdapter, Microsoft.VisualStudio.QualityTools.Tips.UnitTest.Adapter, Version=10.0.0.0, Culture=neutral, PublicKeyToken=b03f5f7f11d50a3a" className="FrogBlogger.Web.Tests.Controllers.AccountControllerTest, FrogBlogger.Web.Tests, Version=1.0.0.0, Culture=neutral, PublicKeyToken=null" name="ChangePasswordGetReturnsView" />
    </UnitTest>
    <UnitTest name="RegisterPostReturnsViewIfNewPasswordDoesNotMatchConfirmPassword" storage="c:\language\web\frogblogger\frogblogger.web.tests\bin\debug\frogblogger.web.tests.dll" id="989bf413-9b64-b295-81a9-c1f4dad6c6af">
      <Execution id="6bf8981b-a23f-4c9e-a687-ab35576a50e0" />
      <TestMethod codeBase="C:/Language/Web/FrogBlogger/FrogBlogger.Web.Tests/bin/Debug/FrogBlogger.Web.Tests.DLL" adapterTypeName="Microsoft.VisualStudio.TestTools.TestTypes.Unit.UnitTestAdapter, Microsoft.VisualStudio.QualityTools.Tips.UnitTest.Adapter, Version=10.0.0.0, Culture=neutral, PublicKeyToken=b03f5f7f11d50a3a" className="FrogBlogger.Web.Tests.Controllers.AccountControllerTest, FrogBlogger.Web.Tests, Version=1.0.0.0, Culture=neutral, PublicKeyToken=null" name="RegisterPostReturnsViewIfNewPasswordDoesNotMatchConfirmPassword" />
    </UnitTest>
    <UnitTest name="ChangePasswordPostReturnsViewIfCurrentPasswordNotSpecified" storage="c:\language\web\frogblogger\frogblogger.web.tests\bin\debug\frogblogger.web.tests.dll" id="d0e0adc6-69cf-7f5c-5748-4ae4a0bd7984">
      <Execution id="1fe7695a-c2c2-4bb2-a757-47065bb8b197" />
      <TestMethod codeBase="C:/Language/Web/FrogBlogger/FrogBlogger.Web.Tests/bin/Debug/FrogBlogger.Web.Tests.DLL" adapterTypeName="Microsoft.VisualStudio.TestTools.TestTypes.Unit.UnitTestAdapter, Microsoft.VisualStudio.QualityTools.Tips.UnitTest.Adapter, Version=10.0.0.0, Culture=neutral, PublicKeyToken=b03f5f7f11d50a3a" className="FrogBlogger.Web.Tests.Controllers.AccountControllerTest, FrogBlogger.Web.Tests, Version=1.0.0.0, Culture=neutral, PublicKeyToken=null" name="ChangePasswordPostReturnsViewIfCurrentPasswordNotSpecified" />
    </UnitTest>
    <UnitTest name="RegisterPostReturnsViewIfPasswordIsTooShort" storage="c:\language\web\frogblogger\frogblogger.web.tests\bin\debug\frogblogger.web.tests.dll" id="e600770e-0f32-ded8-fd02-cdb7f624cf43">
      <Execution id="4b4c5760-3ac4-4db3-873f-9ccf9fb31bad" />
      <TestMethod codeBase="C:/Language/Web/FrogBlogger/FrogBlogger.Web.Tests/bin/Debug/FrogBlogger.Web.Tests.DLL" adapterTypeName="Microsoft.VisualStudio.TestTools.TestTypes.Unit.UnitTestAdapter, Microsoft.VisualStudio.QualityTools.Tips.UnitTest.Adapter, Version=10.0.0.0, Culture=neutral, PublicKeyToken=b03f5f7f11d50a3a" className="FrogBlogger.Web.Tests.Controllers.AccountControllerTest, FrogBlogger.Web.Tests, Version=1.0.0.0, Culture=neutral, PublicKeyToken=null" name="RegisterPostReturnsViewIfPasswordIsTooShort" />
    </UnitTest>
    <UnitTest name="ConstructorSetsPropertiesToDefaultValues" storage="c:\language\web\frogblogger\frogblogger.web.tests\bin\debug\frogblogger.web.tests.dll" id="40d8ce23-5753-83eb-d60b-e631cdf73f6a">
      <Execution id="c96e6663-bbe3-4798-b09e-f8a38c0f8778" />
      <TestMethod codeBase="C:/Language/Web/FrogBlogger/FrogBlogger.Web.Tests/bin/Debug/FrogBlogger.Web.Tests.DLL" adapterTypeName="Microsoft.VisualStudio.TestTools.TestTypes.Unit.UnitTestAdapter, Microsoft.VisualStudio.QualityTools.Tips.UnitTest.Adapter, Version=10.0.0.0, Culture=neutral, PublicKeyToken=b03f5f7f11d50a3a" className="FrogBlogger.Web.Tests.Controllers.AccountControllerTest, FrogBlogger.Web.Tests, Version=1.0.0.0, Culture=neutral, PublicKeyToken=null" name="ConstructorSetsPropertiesToDefaultValues" />
    </UnitTest>
    <UnitTest name="RegisterPostRedirectsHomeIfRegistrationSuccessful" storage="c:\language\web\frogblogger\frogblogger.web.tests\bin\debug\frogblogger.web.tests.dll" id="f65198d7-8f9f-a078-7c7d-7eb8d2e14808">
      <Execution id="9c112d2c-13a1-4c6d-bc79-4c5f19caad6b" />
      <TestMethod codeBase="C:/Language/Web/FrogBlogger/FrogBlogger.Web.Tests/bin/Debug/FrogBlogger.Web.Tests.DLL" adapterTypeName="Microsoft.VisualStudio.TestTools.TestTypes.Unit.UnitTestAdapter, Microsoft.VisualStudio.QualityTools.Tips.UnitTest.Adapter, Version=10.0.0.0, Culture=neutral, PublicKeyToken=b03f5f7f11d50a3a" className="FrogBlogger.Web.Tests.Controllers.AccountControllerTest, FrogBlogger.Web.Tests, Version=1.0.0.0, Culture=neutral, PublicKeyToken=null" name="RegisterPostRedirectsHomeIfRegistrationSuccessful" />
    </UnitTest>
    <UnitTest name="LoginGet" storage="c:\language\web\frogblogger\frogblogger.web.tests\bin\debug\frogblogger.web.tests.dll" id="bbed69ad-ff3e-2200-3681-913906eebaa9">
      <Execution id="27e80f3f-e6eb-476d-bfba-edaf25a70f4a" />
      <TestMethod codeBase="C:/Language/Web/FrogBlogger/FrogBlogger.Web.Tests/bin/Debug/FrogBlogger.Web.Tests.DLL" adapterTypeName="Microsoft.VisualStudio.TestTools.TestTypes.Unit.UnitTestAdapter, Microsoft.VisualStudio.QualityTools.Tips.UnitTest.Adapter, Version=10.0.0.0, Culture=neutral, PublicKeyToken=b03f5f7f11d50a3a" className="FrogBlogger.Web.Tests.Controllers.AccountControllerTest, FrogBlogger.Web.Tests, Version=1.0.0.0, Culture=neutral, PublicKeyToken=null" name="LoginGet" />
    </UnitTest>
    <UnitTest name="RegisterPostReturnsViewIfUsernameNotSpecified" storage="c:\language\web\frogblogger\frogblogger.web.tests\bin\debug\frogblogger.web.tests.dll" id="5b123ecc-4811-dfc8-3daf-c0513d33c411">
      <Execution id="7bc53527-a42e-4003-9c66-acd7ccd0350b" />
      <TestMethod codeBase="C:/Language/Web/FrogBlogger/FrogBlogger.Web.Tests/bin/Debug/FrogBlogger.Web.Tests.DLL" adapterTypeName="Microsoft.VisualStudio.TestTools.TestTypes.Unit.UnitTestAdapter, Microsoft.VisualStudio.QualityTools.Tips.UnitTest.Adapter, Version=10.0.0.0, Culture=neutral, PublicKeyToken=b03f5f7f11d50a3a" className="FrogBlogger.Web.Tests.Controllers.AccountControllerTest, FrogBlogger.Web.Tests, Version=1.0.0.0, Culture=neutral, PublicKeyToken=null" name="RegisterPostReturnsViewIfUsernameNotSpecified" />
    </UnitTest>
    <UnitTest name="Index" storage="c:\language\web\frogblogger\frogblogger.web.tests\bin\debug\frogblogger.web.tests.dll" id="a24a1ed7-7b51-f4a2-5121-06809aa2c911">
      <Execution id="04a232c6-c861-42f4-a2f4-9e3c65881431" />
      <TestMethod codeBase="C:/Language/Web/FrogBlogger/FrogBlogger.Web.Tests/bin/Debug/FrogBlogger.Web.Tests.DLL" adapterTypeName="Microsoft.VisualStudio.TestTools.TestTypes.Unit.UnitTestAdapter, Microsoft.VisualStudio.QualityTools.Tips.UnitTest.Adapter, Version=10.0.0.0, Culture=neutral, PublicKeyToken=b03f5f7f11d50a3a" className="FrogBlogger.Web.Tests.Controllers.HomeControllerTest, FrogBlogger.Web.Tests, Version=1.0.0.0, Culture=neutral, PublicKeyToken=null" name="Index" />
    </UnitTest>
    <UnitTest name="ConstructorSetsProperties" storage="c:\language\web\frogblogger\frogblogger.web.tests\bin\debug\frogblogger.web.tests.dll" id="9af8153b-8063-399e-f0f9-0bf22449261d">
      <Execution id="c06b7bbd-4409-456a-a773-f3d40838e7b2" />
      <TestMethod codeBase="C:/Language/Web/FrogBlogger/FrogBlogger.Web.Tests/bin/Debug/FrogBlogger.Web.Tests.DLL" adapterTypeName="Microsoft.VisualStudio.TestTools.TestTypes.Unit.UnitTestAdapter, Microsoft.VisualStudio.QualityTools.Tips.UnitTest.Adapter, Version=10.0.0.0, Culture=neutral, PublicKeyToken=b03f5f7f11d50a3a" className="FrogBlogger.Web.Tests.Controllers.AccountControllerTest, FrogBlogger.Web.Tests, Version=1.0.0.0, Culture=neutral, PublicKeyToken=null" name="ConstructorSetsProperties" />
    </UnitTest>
    <UnitTest name="ChangePasswordPostReturnsViewIfNewPasswordIsNull" storage="c:\language\web\frogblogger\frogblogger.web.tests\bin\debug\frogblogger.web.tests.dll" id="e69340f8-8ef8-b17b-ba8c-e12d897e1f29">
      <Execution id="b3e72870-f7f5-4d5c-86ab-2a6cb7fcb4c7" />
      <TestMethod codeBase="C:/Language/Web/FrogBlogger/FrogBlogger.Web.Tests/bin/Debug/FrogBlogger.Web.Tests.DLL" adapterTypeName="Microsoft.VisualStudio.TestTools.TestTypes.Unit.UnitTestAdapter, Microsoft.VisualStudio.QualityTools.Tips.UnitTest.Adapter, Version=10.0.0.0, Culture=neutral, PublicKeyToken=b03f5f7f11d50a3a" className="FrogBlogger.Web.Tests.Controllers.AccountControllerTest, FrogBlogger.Web.Tests, Version=1.0.0.0, Culture=neutral, PublicKeyToken=null" name="ChangePasswordPostReturnsViewIfNewPasswordIsNull" />
    </UnitTest>
  </TestDefinitions>
  <TestLists>
    <TestList name="Results Not in a List" id="8c84fa94-04c1-424b-9868-57a2d4851a1d" />
    <TestList name="All Loaded Results" id="19431567-8539-422a-85d7-44ee4e166bda" />
  </TestLists>
  <TestEntries>
    <TestEntry testId="07781006-b0a9-3a6f-8504-9525f876084b" executionId="93d3c524-857a-48f7-9641-c3acff8d4776" testListId="8c84fa94-04c1-424b-9868-57a2d4851a1d" />
    <TestEntry testId="2126fbff-b698-e4e5-da95-000f5a6c3b0a" executionId="e92fe6a6-f10f-4a9e-b732-4f4a8755952c" testListId="8c84fa94-04c1-424b-9868-57a2d4851a1d" />
    <TestEntry testId="27b0a65f-9909-5003-537e-59445e3de9ce" executionId="b772d9ba-e382-45ac-b23a-9860b799df06" testListId="8c84fa94-04c1-424b-9868-57a2d4851a1d" />
    <TestEntry testId="378cf42e-2a25-8603-4868-3fb087928de3" executionId="bfe5a86f-f9af-4295-a4a1-0a69f65b716f" testListId="8c84fa94-04c1-424b-9868-57a2d4851a1d" />
    <TestEntry testId="3ae650f2-bbc4-86bc-5901-267f16488835" executionId="45f988d0-82cf-486f-84e1-8bc4fbdf525c" testListId="8c84fa94-04c1-424b-9868-57a2d4851a1d" />
    <TestEntry testId="3bd3cbb1-af11-f4d7-55c2-f9720d71df29" executionId="f7f567b7-738f-4d41-8fc5-d1c8837a08bc" testListId="8c84fa94-04c1-424b-9868-57a2d4851a1d" />
    <TestEntry testId="4025fa16-788b-c18e-82b3-92ee7e85423b" executionId="3c9459f8-1296-4aab-8df2-827a1beb0f1d" testListId="8c84fa94-04c1-424b-9868-57a2d4851a1d" />
    <TestEntry testId="40d8ce23-5753-83eb-d60b-e631cdf73f6a" executionId="c96e6663-bbe3-4798-b09e-f8a38c0f8778" testListId="8c84fa94-04c1-424b-9868-57a2d4851a1d" />
    <TestEntry testId="530774fd-246e-f5a1-7006-11644a65f9da" executionId="dd1b726f-3128-4788-bae9-9e9f4f2570f6" testListId="8c84fa94-04c1-424b-9868-57a2d4851a1d" />
    <TestEntry testId="5b123ecc-4811-dfc8-3daf-c0513d33c411" executionId="7bc53527-a42e-4003-9c66-acd7ccd0350b" testListId="8c84fa94-04c1-424b-9868-57a2d4851a1d" />
    <TestEntry testId="60607752-d99d-49f1-cd7c-f40eaf612519" executionId="d13845ee-4df6-4606-9da5-c8383f1f2571" testListId="8c84fa94-04c1-424b-9868-57a2d4851a1d" />
    <TestEntry testId="64da27e1-c4a9-ac41-325d-3e8e47a9505d" executionId="99ffcc14-3232-490d-8001-1036410c977d" testListId="8c84fa94-04c1-424b-9868-57a2d4851a1d" />
    <TestEntry testId="64dc0e59-0a24-fcc8-8a3e-0e3dc0901dc5" executionId="3b98f767-b668-4725-b43f-af6d622da60e" testListId="8c84fa94-04c1-424b-9868-57a2d4851a1d" />
    <TestEntry testId="66a93b30-13be-a5ce-1b16-a32f34b2e3a0" executionId="d6e54ef1-a9ce-467b-ad55-a7a37bd46021" testListId="8c84fa94-04c1-424b-9868-57a2d4851a1d" />
    <TestEntry testId="6daa841a-f45a-d29e-30d4-032ec089cfda" executionId="400bc5a4-fe2c-4c92-8b45-cfef12602f18" testListId="8c84fa94-04c1-424b-9868-57a2d4851a1d" />
    <TestEntry testId="8705de75-aa27-3c0b-e7d7-7a031141d2af" executionId="f14c7689-74d8-42a9-84b0-124d0572e56e" testListId="8c84fa94-04c1-424b-9868-57a2d4851a1d" />
    <TestEntry testId="989bf413-9b64-b295-81a9-c1f4dad6c6af" executionId="6bf8981b-a23f-4c9e-a687-ab35576a50e0" testListId="8c84fa94-04c1-424b-9868-57a2d4851a1d" />
    <TestEntry testId="9af8153b-8063-399e-f0f9-0bf22449261d" executionId="c06b7bbd-4409-456a-a773-f3d40838e7b2" testListId="8c84fa94-04c1-424b-9868-57a2d4851a1d" />
    <TestEntry testId="a24a1ed7-7b51-f4a2-5121-06809aa2c911" executionId="04a232c6-c861-42f4-a2f4-9e3c65881431" testListId="8c84fa94-04c1-424b-9868-57a2d4851a1d" />
    <TestEntry testId="a327f85f-9010-010b-714e-1c85859c8d10" executionId="601198ee-bf75-408c-8442-d4641b348a41" testListId="8c84fa94-04c1-424b-9868-57a2d4851a1d" />
    <TestEntry testId="addf1109-fdcc-a26a-a59f-20d484056000" executionId="c3b3ee42-92a6-4d3b-8899-e9195027bdae" testListId="8c84fa94-04c1-424b-9868-57a2d4851a1d" />
    <TestEntry testId="bbed69ad-ff3e-2200-3681-913906eebaa9" executionId="27e80f3f-e6eb-476d-bfba-edaf25a70f4a" testListId="8c84fa94-04c1-424b-9868-57a2d4851a1d" />
    <TestEntry testId="d0e0adc6-69cf-7f5c-5748-4ae4a0bd7984" executionId="1fe7695a-c2c2-4bb2-a757-47065bb8b197" testListId="8c84fa94-04c1-424b-9868-57a2d4851a1d" />
    <TestEntry testId="d157f167-62aa-b633-df12-b2be68680b24" executionId="1d04ab2c-d577-4be2-a131-6888b2e226aa" testListId="8c84fa94-04c1-424b-9868-57a2d4851a1d" />
    <TestEntry testId="e600770e-0f32-ded8-fd02-cdb7f624cf43" executionId="4b4c5760-3ac4-4db3-873f-9ccf9fb31bad" testListId="8c84fa94-04c1-424b-9868-57a2d4851a1d" />
    <TestEntry testId="e69340f8-8ef8-b17b-ba8c-e12d897e1f29" executionId="b3e72870-f7f5-4d5c-86ab-2a6cb7fcb4c7" testListId="8c84fa94-04c1-424b-9868-57a2d4851a1d" />
    <TestEntry testId="f10b962a-d76e-7420-e5b1-e4f36ed1c63c" executionId="fa1762aa-97b2-4a77-a780-d00b436e02f0" testListId="8c84fa94-04c1-424b-9868-57a2d4851a1d" />
    <TestEntry testId="f65198d7-8f9f-a078-7c7d-7eb8d2e14808" executionId="9c112d2c-13a1-4c6d-bc79-4c5f19caad6b" testListId="8c84fa94-04c1-424b-9868-57a2d4851a1d" />
    <TestEntry testId="f8981536-bb73-b477-5f09-8a468de4b0d6" executionId="ba4c06f9-9935-41f6-a85c-a9c817dab62e" testListId="8c84fa94-04c1-424b-9868-57a2d4851a1d" />
  </TestEntries>
  <Results>
    <UnitTestResult executionId="93d3c524-857a-48f7-9641-c3acff8d4776" testId="07781006-b0a9-3a6f-8504-9525f876084b" testName="ChangePasswordPostReturnsViewIfNewPasswordIsTooShort" computerName="SEANFAOLP1" duration="00:00:00.0465645" startTime="2009-11-30T21:30:01.7308843-05:00" endTime="2009-11-30T21:30:02.5389305-05:00" testType="13cdc9d9-ddb5-4fa4-a97d-d965ccfc6d4b" outcome="Passed" testListId="8c84fa94-04c1-424b-9868-57a2d4851a1d" relativeResultsDirectory="93d3c524-857a-48f7-9641-c3acff8d4776">
    </UnitTestResult>
    <UnitTestResult executionId="e92fe6a6-f10f-4a9e-b732-4f4a8755952c" testId="2126fbff-b698-e4e5-da95-000f5a6c3b0a" testName="LoginPostReturnsViewIfUsernameOrPasswordIsIncorrect" computerName="SEANFAOLP1" duration="00:00:00.0015713" startTime="2009-11-30T21:30:02.5459309-05:00" endTime="2009-11-30T21:30:02.5539314-05:00" testType="13cdc9d9-ddb5-4fa4-a97d-d965ccfc6d4b" outcome="Passed" testListId="8c84fa94-04c1-424b-9868-57a2d4851a1d" relativeResultsDirectory="e92fe6a6-f10f-4a9e-b732-4f4a8755952c">
    </UnitTestResult>
    <UnitTestResult executionId="b772d9ba-e382-45ac-b23a-9860b799df06" testId="27b0a65f-9909-5003-537e-59445e3de9ce" testName="RegisterPostReturnsViewIfRegistrationFails" computerName="SEANFAOLP1" duration="00:00:00.0025351" startTime="2009-11-30T21:30:02.5629319-05:00" endTime="2009-11-30T21:30:02.5709324-05:00" testType="13cdc9d9-ddb5-4fa4-a97d-d965ccfc6d4b" outcome="Passed" testListId="8c84fa94-04c1-424b-9868-57a2d4851a1d" relativeResultsDirectory="b772d9ba-e382-45ac-b23a-9860b799df06">
    </UnitTestResult>
    <UnitTestResult executionId="bfe5a86f-f9af-4295-a4a1-0a69f65b716f" testId="378cf42e-2a25-8603-4868-3fb087928de3" testName="LogOff" computerName="SEANFAOLP1" duration="00:00:00.0051153" startTime="2009-11-30T21:30:02.5759326-05:00" endTime="2009-11-30T21:30:02.5859332-05:00" testType="13cdc9d9-ddb5-4fa4-a97d-d965ccfc6d4b" outcome="Passed" testListId="8c84fa94-04c1-424b-9868-57a2d4851a1d" relativeResultsDirectory="bfe5a86f-f9af-4295-a4a1-0a69f65b716f">
    </UnitTestResult>
    <UnitTestResult executionId="45f988d0-82cf-486f-84e1-8bc4fbdf525c" testId="3ae650f2-bbc4-86bc-5901-267f16488835" testName="ChangePasswordSuccess" computerName="SEANFAOLP1" duration="00:00:00.0004606" startTime="2009-11-30T21:30:02.5899334-05:00" endTime="2009-11-30T21:30:02.5959338-05:00" testType="13cdc9d9-ddb5-4fa4-a97d-d965ccfc6d4b" outcome="Passed" testListId="8c84fa94-04c1-424b-9868-57a2d4851a1d" relativeResultsDirectory="45f988d0-82cf-486f-84e1-8bc4fbdf525c">
    </UnitTestResult>
    <UnitTestResult executionId="f7f567b7-738f-4d41-8fc5-d1c8837a08bc" testId="3bd3cbb1-af11-f4d7-55c2-f9720d71df29" testName="ChangePasswordPostRedirectsOnSuccess" computerName="SEANFAOLP1" duration="00:00:00.0025061" startTime="2009-11-30T21:30:02.6029342-05:00" endTime="2009-11-30T21:30:02.6099346-05:00" testType="13cdc9d9-ddb5-4fa4-a97d-d965ccfc6d4b" outcome="Passed" testListId="8c84fa94-04c1-424b-9868-57a2d4851a1d" relativeResultsDirectory="f7f567b7-738f-4d41-8fc5-d1c8837a08bc">
    </UnitTestResult>
    <UnitTestResult executionId="3c9459f8-1296-4aab-8df2-827a1beb0f1d" testId="4025fa16-788b-c18e-82b3-92ee7e85423b" testName="TestFetch" computerName="SEANFAOLP1" duration="00:00:00.5728277" startTime="2009-11-30T21:30:02.6139348-05:00" endTime="2009-11-30T21:30:03.8420051-05:00" testType="13cdc9d9-ddb5-4fa4-a97d-d965ccfc6d4b" outcome="Failed" testListId="8c84fa94-04c1-424b-9868-57a2d4851a1d" relativeResultsDirectory="3c9459f8-1296-4aab-8df2-827a1beb0f1d">
      <Output>
        <ErrorInfo>
          <Message>Assert.IsTrue failed. </Message>
          <StackTrace>   at FrogBlogger.Tests.RepositoryTest.TestFetch() in C:\Language\Web\FrogBlogger\FrogBlogger.Tests\RepositoryTest.cs:line 98
</StackTrace>
        </ErrorInfo>
      </Output>
    </UnitTestResult>
    <UnitTestResult executionId="c96e6663-bbe3-4798-b09e-f8a38c0f8778" testId="40d8ce23-5753-83eb-d60b-e631cdf73f6a" testName="ConstructorSetsPropertiesToDefaultValues" computerName="SEANFAOLP1" duration="00:00:00.0303599" startTime="2009-11-30T21:30:03.8460053-05:00" endTime="2009-11-30T21:30:03.8830074-05:00" testType="13cdc9d9-ddb5-4fa4-a97d-d965ccfc6d4b" outcome="Passed" testListId="8c84fa94-04c1-424b-9868-57a2d4851a1d" relativeResultsDirectory="c96e6663-bbe3-4798-b09e-f8a38c0f8778">
    </UnitTestResult>
    <UnitTestResult executionId="dd1b726f-3128-4788-bae9-9e9f4f2570f6" testId="530774fd-246e-f5a1-7006-11644a65f9da" testName="LoginPostRedirectsToReturnUrlIfLoginSuccessfulAndReturnUrlGiven" computerName="SEANFAOLP1" duration="00:00:00.0017311" startTime="2009-11-30T21:30:03.8870076-05:00" endTime="2009-11-30T21:30:03.8940080-05:00" testType="13cdc9d9-ddb5-4fa4-a97d-d965ccfc6d4b" outcome="Passed" testListId="8c84fa94-04c1-424b-9868-57a2d4851a1d" relativeResultsDirectory="dd1b726f-3128-4788-bae9-9e9f4f2570f6">
    </UnitTestResult>
    <UnitTestResult executionId="7bc53527-a42e-4003-9c66-acd7ccd0350b" testId="5b123ecc-4811-dfc8-3daf-c0513d33c411" testName="RegisterPostReturnsViewIfUsernameNotSpecified" computerName="SEANFAOLP1" duration="00:00:00.0005464" startTime="2009-11-30T21:30:03.9000084-05:00" endTime="2009-11-30T21:30:03.9070088-05:00" testType="13cdc9d9-ddb5-4fa4-a97d-d965ccfc6d4b" outcome="Passed" testListId="8c84fa94-04c1-424b-9868-57a2d4851a1d" relativeResultsDirectory="7bc53527-a42e-4003-9c66-acd7ccd0350b">
    </UnitTestResult>
    <UnitTestResult executionId="d13845ee-4df6-4606-9da5-c8383f1f2571" testId="60607752-d99d-49f1-cd7c-f40eaf612519" testName="About" computerName="SEANFAOLP1" duration="00:00:00.0008442" startTime="2009-11-30T21:30:03.9160093-05:00" endTime="2009-11-30T21:30:03.9240097-05:00" testType="13cdc9d9-ddb5-4fa4-a97d-d965ccfc6d4b" outcome="Passed" testListId="8c84fa94-04c1-424b-9868-57a2d4851a1d" relativeResultsDirectory="d13845ee-4df6-4606-9da5-c8383f1f2571">
    </UnitTestResult>
    <UnitTestResult executionId="99ffcc14-3232-490d-8001-1036410c977d" testId="64da27e1-c4a9-ac41-325d-3e8e47a9505d" testName="LoginPostReturnsViewIfPasswordNotSpecified" computerName="SEANFAOLP1" duration="00:00:00.0005174" startTime="2009-11-30T21:30:03.9310101-05:00" endTime="2009-11-30T21:30:03.9420108-05:00" testType="13cdc9d9-ddb5-4fa4-a97d-d965ccfc6d4b" outcome="Passed" testListId="8c84fa94-04c1-424b-9868-57a2d4851a1d" relativeResultsDirectory="99ffcc14-3232-490d-8001-1036410c977d">
    </UnitTestResult>
    <UnitTestResult executionId="3b98f767-b668-4725-b43f-af6d622da60e" testId="64dc0e59-0a24-fcc8-8a3e-0e3dc0901dc5" testName="LoginPostReturnsViewIfUsernameNotSpecified" computerName="SEANFAOLP1" duration="00:00:00.0005121" startTime="2009-11-30T21:30:03.9490112-05:00" endTime="2009-11-30T21:30:03.9550115-05:00" testType="13cdc9d9-ddb5-4fa4-a97d-d965ccfc6d4b" outcome="Passed" testListId="8c84fa94-04c1-424b-9868-57a2d4851a1d" relativeResultsDirectory="3b98f767-b668-4725-b43f-af6d622da60e">
    </UnitTestResult>
    <UnitTestResult executionId="d6e54ef1-a9ce-467b-ad55-a7a37bd46021" testId="66a93b30-13be-a5ce-1b16-a32f34b2e3a0" testName="LoginPostRedirectsHomeIfLoginSuccessfulButNoReturnUrlGiven" computerName="SEANFAOLP1" duration="00:00:00.0004393" startTime="2009-11-30T21:30:03.9590118-05:00" endTime="2009-11-30T21:30:03.9650121-05:00" testType="13cdc9d9-ddb5-4fa4-a97d-d965ccfc6d4b" outcome="Passed" testListId="8c84fa94-04c1-424b-9868-57a2d4851a1d" relativeResultsDirectory="d6e54ef1-a9ce-467b-ad55-a7a37bd46021">
    </UnitTestResult>
    <UnitTestResult executionId="400bc5a4-fe2c-4c92-8b45-cfef12602f18" testId="6daa841a-f45a-d29e-30d4-032ec089cfda" testName="CreateTest" computerName="SEANFAOLP1" duration="00:00:00.4950773" startTime="2009-11-30T21:30:03.9700124-05:00" endTime="2009-11-30T21:30:04.4710410-05:00" testType="13cdc9d9-ddb5-4fa4-a97d-d965ccfc6d4b" outcome="Failed" testListId="8c84fa94-04c1-424b-9868-57a2d4851a1d" relativeResultsDirectory="400bc5a4-fe2c-4c92-8b45-cfef12602f18">
      <Output>
        <ErrorInfo>
          <Message>Test method FrogBlogger.Tests.RepositoryTest.CreateTest threw exception: 
System.InvalidOperationException: Sequence contains no elements</Message>
          <StackTrace>    at System.Linq.Enumerable.First[TSource](IEnumerable`1 source)
   at System.Data.Objects.ELinq.ObjectQueryProvider.&lt;GetElementFunction&gt;b__0[TResult](IEnumerable`1 sequence)
   at System.Data.Objects.ELinq.ObjectQueryProvider.ExecuteSingle[TResult](IEnumerable`1 query, Expression queryRoot)
   at System.Data.Objects.ELinq.ObjectQueryProvider.System.Linq.IQueryProvider.Execute[S](Expression expression)
   at System.Linq.Queryable.First[TSource](IQueryable`1 source)
   at FrogBlogger.Tests.RepositoryTest.CreateTest() in C:\Language\Web\FrogBlogger\FrogBlogger.Tests\RepositoryTest.cs:line 79
</StackTrace>
        </ErrorInfo>
      </Output>
    </UnitTestResult>
    <UnitTestResult executionId="f14c7689-74d8-42a9-84b0-124d0572e56e" testId="8705de75-aa27-3c0b-e7d7-7a031141d2af" testName="RegisterGet" computerName="SEANFAOLP1" duration="00:00:00.0011704" startTime="2009-11-30T21:30:04.4890421-05:00" endTime="2009-11-30T21:30:04.4990426-05:00" testType="13cdc9d9-ddb5-4fa4-a97d-d965ccfc6d4b" outcome="Passed" testListId="8c84fa94-04c1-424b-9868-57a2d4851a1d" relativeResultsDirectory="f14c7689-74d8-42a9-84b0-124d0572e56e">
    </UnitTestResult>
    <UnitTestResult executionId="6bf8981b-a23f-4c9e-a687-ab35576a50e0" testId="989bf413-9b64-b295-81a9-c1f4dad6c6af" testName="RegisterPostReturnsViewIfNewPasswordDoesNotMatchConfirmPassword" computerName="SEANFAOLP1" duration="00:00:00.0005867" startTime="2009-11-30T21:30:04.5040429-05:00" endTime="2009-11-30T21:30:04.5090432-05:00" testType="13cdc9d9-ddb5-4fa4-a97d-d965ccfc6d4b" outcome="Passed" testListId="8c84fa94-04c1-424b-9868-57a2d4851a1d" relativeResultsDirectory="6bf8981b-a23f-4c9e-a687-ab35576a50e0">
    </UnitTestResult>
    <UnitTestResult executionId="c06b7bbd-4409-456a-a773-f3d40838e7b2" testId="9af8153b-8063-399e-f0f9-0bf22449261d" testName="ConstructorSetsProperties" computerName="SEANFAOLP1" duration="00:00:00.0005411" startTime="2009-11-30T21:30:04.5140435-05:00" endTime="2009-11-30T21:30:04.5190438-05:00" testType="13cdc9d9-ddb5-4fa4-a97d-d965ccfc6d4b" outcome="Passed" testListId="8c84fa94-04c1-424b-9868-57a2d4851a1d" relativeResultsDirectory="c06b7bbd-4409-456a-a773-f3d40838e7b2">
    </UnitTestResult>
    <UnitTestResult executionId="04a232c6-c861-42f4-a2f4-9e3c65881431" testId="a24a1ed7-7b51-f4a2-5121-06809aa2c911" testName="Index" computerName="SEANFAOLP1" duration="00:00:00.0005269" startTime="2009-11-30T21:30:04.5240441-05:00" endTime="2009-11-30T21:30:04.5290444-05:00" testType="13cdc9d9-ddb5-4fa4-a97d-d965ccfc6d4b" outcome="Passed" testListId="8c84fa94-04c1-424b-9868-57a2d4851a1d" relativeResultsDirectory="04a232c6-c861-42f4-a2f4-9e3c65881431">
    </UnitTestResult>
    <UnitTestResult executionId="601198ee-bf75-408c-8442-d4641b348a41" testId="a327f85f-9010-010b-714e-1c85859c8d10" testName="RegisterPostReturnsViewIfPasswordIsNull" computerName="SEANFAOLP1" duration="00:00:00.0005588" startTime="2009-11-30T21:30:04.5340446-05:00" endTime="2009-11-30T21:30:04.5400450-05:00" testType="13cdc9d9-ddb5-4fa4-a97d-d965ccfc6d4b" outcome="Passed" testListId="8c84fa94-04c1-424b-9868-57a2d4851a1d" relativeResultsDirectory="601198ee-bf75-408c-8442-d4641b348a41">
    </UnitTestResult>
    <UnitTestResult executionId="c3b3ee42-92a6-4d3b-8899-e9195027bdae" testId="addf1109-fdcc-a26a-a59f-20d484056000" testName="ChangePasswordPostReturnsViewIfProviderRejectsPassword" computerName="SEANFAOLP1" duration="00:00:00.0005517" startTime="2009-11-30T21:30:04.5440452-05:00" endTime="2009-11-30T21:30:04.5510456-05:00" testType="13cdc9d9-ddb5-4fa4-a97d-d965ccfc6d4b" outcome="Passed" testListId="8c84fa94-04c1-424b-9868-57a2d4851a1d" relativeResultsDirectory="c3b3ee42-92a6-4d3b-8899-e9195027bdae">
    </UnitTestResult>
    <UnitTestResult executionId="27e80f3f-e6eb-476d-bfba-edaf25a70f4a" testId="bbed69ad-ff3e-2200-3681-913906eebaa9" testName="LoginGet" computerName="SEANFAOLP1" duration="00:00:00.0004771" startTime="2009-11-30T21:30:04.5560459-05:00" endTime="2009-11-30T21:30:04.5610462-05:00" testType="13cdc9d9-ddb5-4fa4-a97d-d965ccfc6d4b" outcome="Passed" testListId="8c84fa94-04c1-424b-9868-57a2d4851a1d" relativeResultsDirectory="27e80f3f-e6eb-476d-bfba-edaf25a70f4a">
    </UnitTestResult>
    <UnitTestResult executionId="1fe7695a-c2c2-4bb2-a757-47065bb8b197" testId="d0e0adc6-69cf-7f5c-5748-4ae4a0bd7984" testName="ChangePasswordPostReturnsViewIfCurrentPasswordNotSpecified" computerName="SEANFAOLP1" duration="00:00:00.0005423" startTime="2009-11-30T21:30:04.5650464-05:00" endTime="2009-11-30T21:30:04.5700467-05:00" testType="13cdc9d9-ddb5-4fa4-a97d-d965ccfc6d4b" outcome="Passed" testListId="8c84fa94-04c1-424b-9868-57a2d4851a1d" relativeResultsDirectory="1fe7695a-c2c2-4bb2-a757-47065bb8b197">
    </UnitTestResult>
    <UnitTestResult executionId="1d04ab2c-d577-4be2-a131-6888b2e226aa" testId="d157f167-62aa-b633-df12-b2be68680b24" testName="ChangePasswordGetReturnsView" computerName="SEANFAOLP1" duration="00:00:00.0005920" startTime="2009-11-30T21:30:04.5750470-05:00" endTime="2009-11-30T21:30:04.5800473-05:00" testType="13cdc9d9-ddb5-4fa4-a97d-d965ccfc6d4b" outcome="Passed" testListId="8c84fa94-04c1-424b-9868-57a2d4851a1d" relativeResultsDirectory="1d04ab2c-d577-4be2-a131-6888b2e226aa">
    </UnitTestResult>
    <UnitTestResult executionId="4b4c5760-3ac4-4db3-873f-9ccf9fb31bad" testId="e600770e-0f32-ded8-fd02-cdb7f624cf43" testName="RegisterPostReturnsViewIfPasswordIsTooShort" computerName="SEANFAOLP1" duration="00:00:00.0005541" startTime="2009-11-30T21:30:04.5850476-05:00" endTime="2009-11-30T21:30:04.5890478-05:00" testType="13cdc9d9-ddb5-4fa4-a97d-d965ccfc6d4b" outcome="Passed" testListId="8c84fa94-04c1-424b-9868-57a2d4851a1d" relativeResultsDirectory="4b4c5760-3ac4-4db3-873f-9ccf9fb31bad">
    </UnitTestResult>
    <UnitTestResult executionId="b3e72870-f7f5-4d5c-86ab-2a6cb7fcb4c7" testId="e69340f8-8ef8-b17b-ba8c-e12d897e1f29" testName="ChangePasswordPostReturnsViewIfNewPasswordIsNull" computerName="SEANFAOLP1" duration="00:00:00.0005316" startTime="2009-11-30T21:30:04.5940481-05:00" endTime="2009-11-30T21:30:04.5990484-05:00" testType="13cdc9d9-ddb5-4fa4-a97d-d965ccfc6d4b" outcome="Passed" testListId="8c84fa94-04c1-424b-9868-57a2d4851a1d" relativeResultsDirectory="b3e72870-f7f5-4d5c-86ab-2a6cb7fcb4c7">
    </UnitTestResult>
    <UnitTestResult executionId="fa1762aa-97b2-4a77-a780-d00b436e02f0" testId="f10b962a-d76e-7420-e5b1-e4f36ed1c63c" testName="RegisterPostReturnsViewIfEmailNotSpecified" computerName="SEANFAOLP1" duration="00:00:00.0005932" startTime="2009-11-30T21:30:04.6040486-05:00" endTime="2009-11-30T21:30:04.6100490-05:00" testType="13cdc9d9-ddb5-4fa4-a97d-d965ccfc6d4b" outcome="Passed" testListId="8c84fa94-04c1-424b-9868-57a2d4851a1d" relativeResultsDirectory="fa1762aa-97b2-4a77-a780-d00b436e02f0">
    </UnitTestResult>
    <UnitTestResult executionId="9c112d2c-13a1-4c6d-bc79-4c5f19caad6b" testId="f65198d7-8f9f-a078-7c7d-7eb8d2e14808" testName="RegisterPostRedirectsHomeIfRegistrationSuccessful" computerName="SEANFAOLP1" duration="00:00:00.0004831" startTime="2009-11-30T21:30:04.6150493-05:00" endTime="2009-11-30T21:30:04.6210496-05:00" testType="13cdc9d9-ddb5-4fa4-a97d-d965ccfc6d4b" outcome="Passed" testListId="8c84fa94-04c1-424b-9868-57a2d4851a1d" relativeResultsDirectory="9c112d2c-13a1-4c6d-bc79-4c5f19caad6b">
    </UnitTestResult>
    <UnitTestResult executionId="ba4c06f9-9935-41f6-a85c-a9c817dab62e" testId="f8981536-bb73-b477-5f09-8a468de4b0d6" testName="ChangePasswordPostReturnsViewIfNewPasswordDoesNotMatchConfirmPassword" computerName="SEANFAOLP1" duration="00:00:00.0005334" startTime="2009-11-30T21:30:04.6260499-05:00" endTime="2009-11-30T21:30:04.6310502-05:00" testType="13cdc9d9-ddb5-4fa4-a97d-d965ccfc6d4b" outcome="Passed" testListId="8c84fa94-04c1-424b-9868-57a2d4851a1d" relativeResultsDirectory="ba4c06f9-9935-41f6-a85c-a9c817dab62e">
    </UnitTestResult>
  </Results>
</TestRun>